[613880.app/index.html]
[backblue.gif]
[fade.gif]
[index.html]
[613880.app/css/vendors30f4.css]
[613880.app/css/style7b30.css]
[613880.app/lib/jquery.min.js]
[613880.app/lib/materialize.min.js]
[613880.app/lib/clipboard.min.js]
[613880.app/lib/jquery.dataTables.js]
[613880.app/js/bundle.js]
[613880.app/img/smalllogo.png]
[613880.app/img/logo-animate.gif]
[613880.app/securimage_show924f.png]
[613880.app/images/audio_icon.png]
[613880.app/images/loading.png]
[613880.app/securimage.js]
[613880.app/securimage_showd41d.png]
[613880.app/images/refresh.png]
[613880.app/ajax/login.html]
[613880.app/index.html]
[613880.app/ajax/register.html]
[613880.app/index-2.html]
[613880.app/css/MaterialIcons-Regular.eot]
[613880.app/css/MaterialIcons-Regular.woff2]
[613880.app/css/MaterialIcons-Regular.woff]
[613880.app/css/MaterialIcons-Regular.ttf]
[613880.app/css/vendors30f4.css]
[613880.app/img/bg-header.jpg]
[613880.app/img/bg-main.jpg]
[613880.app/img/bg-footer.jpg]
[613880.app/css/style7b30.css]
[613880.app/securimage_play3263.html]
[613880.app/ajax/login.html]
[613880.app/securimage_show7129.png]
[613880.app/index-2.html]
[613880.app/ajax/register.html]
[613880.app/securimage_playcbb6.html]
[613880.app/securimage_play3178.html]
[613880.app/securimage_playae81.html]
[613880.app/securimage_play8c4b.html]
